2026-09-06 00:22:51,156	wavs	WARNING	C:\Users\Carl Delfino\Kayla\b\voice\tts\melo is not a git repository, therefore hash value comparison will be ignored.
2026-09-06 00:29:59,727	wavs	WARNING	C:\Users\Carl Delfino\Kayla\b\voice\tts\melo is not a git repository, therefore hash value comparison will be ignored.
2026-09-06 00:30:31,980	wavs	WARNING	C:\Users\Carl Delfino\Kayla\b\voice\tts\melo is not a git repository, therefore hash value comparison will be ignored.
2026-09-06 00:31:18,847	wavs	WARNING	C:\Users\Carl Delfino\Kayla\b\voice\tts\melo is not a git repository, therefore hash value comparison will be ignored.
2026-09-06 00:32:05,899	wavs	WARNING	C:\Users\Carl Delfino\Kayla\b\voice\tts\melo is not a git repository, therefore hash value comparison will be ignored.
2026-09-06 00:32:51,194	wavs	WARNING	C:\Users\Carl Delfino\Kayla\b\voice\tts\melo is not a git repository, therefore hash value comparison will be ignored.
2026-09-06 00:33:35,725	wavs	WARNING	C:\Users\Carl Delfino\Kayla\b\voice\tts\melo is not a git repository, therefore hash value comparison will be ignored.
2026-09-06 00:34:02,134	wavs	WARNING	C:\Users\Carl Delfino\Kayla\b\voice\tts\melo is not a git repository, therefore hash value comparison will be ignored.
2026-09-06 00:54:07,455	wavs	WARNING	C:\Users\Carl Delfino\Kayla\b\voice\tts\melo is not a git repository, therefore hash value comparison will be ignored.
2026-09-06 00:58:23,917	wavs	WARNING	C:\Users\Carl Delfino\Kayla\b\voice\tts\melo is not a git repository, therefore hash value comparison will be ignored.
2026-09-06 00:59:08,192	wavs	WARNING	C:\Users\Carl Delfino\Kayla\b\voice\tts\melo is not a git repository, therefore hash value comparison will be ignored.
2026-09-06 00:59:52,058	wavs	WARNING	C:\Users\Carl Delfino\Kayla\b\voice\tts\melo is not a git repository, therefore hash value comparison will be ignored.
2026-09-06 01:00:36,905	wavs	WARNING	C:\Users\Carl Delfino\Kayla\b\voice\tts\melo is not a git repository, therefore hash value comparison will be ignored.
2026-09-06 01:01:21,550	wavs	WARNING	C:\Users\Carl Delfino\Kayla\b\voice\tts\melo is not a git repository, therefore hash value comparison will be ignored.
2026-09-06 01:02:06,302	wavs	WARNING	C:\Users\Carl Delfino\Kayla\b\voice\tts\melo is not a git repository, therefore hash value comparison will be ignored.
2026-09-06 01:03:21,353	wavs	WARNING	C:\Users\Carl Delfino\Kayla\b\voice\tts\melo is not a git repository, therefore hash value comparison will be ignored.
2026-09-06 01:04:13,983	wavs	WARNING	C:\Users\Carl Delfino\Kayla\b\voice\tts\melo is not a git repository, therefore hash value comparison will be ignored.
2026-09-06 01:04:58,690	wavs	WARNING	C:\Users\Carl Delfino\Kayla\b\voice\tts\melo is not a git repository, therefore hash value comparison will be ignored.
2026-09-06 01:05:46,093	wavs	WARNING	C:\Users\Carl Delfino\Kayla\b\voice\tts\melo is not a git repository, therefore hash value comparison will be ignored.
2026-09-06 01:06:32,168	wavs	WARNING	C:\Users\Carl Delfino\Kayla\b\voice\tts\melo is not a git repository, therefore hash value comparison will be ignored.
2026-09-06 01:07:18,097	wavs	WARNING	C:\Users\Carl Delfino\Kayla\b\voice\tts\melo is not a git repository, therefore hash value comparison will be ignored.
2026-09-06 01:08:02,248	wavs	WARNING	C:\Users\Carl Delfino\Kayla\b\voice\tts\melo is not a git repository, therefore hash value comparison will be ignored.
2026-09-06 01:08:46,658	wavs	WARNING	C:\Users\Carl Delfino\Kayla\b\voice\tts\melo is not a git repository, therefore hash value comparison will be ignored.
2026-09-06 01:09:35,164	wavs	WARNING	C:\Users\Carl Delfino\Kayla\b\voice\tts\melo is not a git repository, therefore hash value comparison will be ignored.
2026-09-06 01:10:21,096	wavs	WARNING	C:\Users\Carl Delfino\Kayla\b\voice\tts\melo is not a git repository, therefore hash value comparison will be ignored.
2026-09-06 01:11:09,258	wavs	WARNING	C:\Users\Carl Delfino\Kayla\b\voice\tts\melo is not a git repository, therefore hash value comparison will be ignored.
2026-09-06 01:11:54,352	wavs	WARNING	C:\Users\Carl Delfino\Kayla\b\voice\tts\melo is not a git repository, therefore hash value comparison will be ignored.
2026-09-06 01:12:39,390	wavs	WARNING	C:\Users\Carl Delfino\Kayla\b\voice\tts\melo is not a git repository, therefore hash value comparison will be ignored.
2026-09-06 01:13:23,839	wavs	WARNING	C:\Users\Carl Delfino\Kayla\b\voice\tts\melo is not a git repository, therefore hash value comparison will be ignored.
2026-09-06 01:14:08,628	wavs	WARNING	C:\Users\Carl Delfino\Kayla\b\voice\tts\melo is not a git repository, therefore hash value comparison will be ignored.
2026-09-06 01:14:56,673	wavs	WARNING	C:\Users\Carl Delfino\Kayla\b\voice\tts\melo is not a git repository, therefore hash value comparison will be ignored.
2026-09-06 01:15:41,068	wavs	WARNING	C:\Users\Carl Delfino\Kayla\b\voice\tts\melo is not a git repository, therefore hash value comparison will be ignored.
2026-09-06 01:16:25,748	wavs	WARNING	C:\Users\Carl Delfino\Kayla\b\voice\tts\melo is not a git repository, therefore hash value comparison will be ignored.
2026-09-06 01:17:09,728	wavs	WARNING	C:\Users\Carl Delfino\Kayla\b\voice\tts\melo is not a git repository, therefore hash value comparison will be ignored.
2026-09-06 01:22:45,322	wavs	WARNING	C:\Users\Carl Delfino\Kayla\b\voice\tts\melo is not a git repository, therefore hash value comparison will be ignored.
2026-09-06 01:28:26,004	wavs	WARNING	C:\Users\Carl Delfino\Kayla\b\voice\tts\melo is not a git repository, therefore hash value comparison will be ignored.
2026-09-06 01:29:12,066	wavs	WARNING	C:\Users\Carl Delfino\Kayla\b\voice\tts\melo is not a git repository, therefore hash value comparison will be ignored.
2026-09-06 01:29:52,375	wavs	WARNING	C:\Users\Carl Delfino\Kayla\b\voice\tts\melo is not a git repository, therefore hash value comparison will be ignored.
2026-09-06 01:33:46,955	wavs	WARNING	C:\Users\Carl Delfino\Kayla\b\voice\tts\melo is not a git repository, therefore hash value comparison will be ignored.
2026-09-06 01:33:48,147	wavs	ERROR	enc_p.emb.weight is not in the checkpoint
2026-09-06 01:33:48,147	wavs	ERROR	enc_p.tone_emb.weight is not in the checkpoint
2026-09-06 01:33:48,147	wavs	ERROR	enc_p.language_emb.weight is not in the checkpoint
2026-09-06 01:33:48,148	wavs	ERROR	emb_g.weight is not in the checkpoint
2026-09-06 01:33:48,233	wavs	INFO	Loaded checkpoint 'C:\Users\Carl Delfino\Kayla\m\vm\tts\EN_V2\checkpoint.pth' (iteration 0)
2026-09-06 01:34:32,478	wavs	WARNING	C:\Users\Carl Delfino\Kayla\b\voice\tts\melo is not a git repository, therefore hash value comparison will be ignored.
2026-09-06 01:34:33,902	wavs	ERROR	enc_p.emb.weight is not in the checkpoint
2026-09-06 01:34:33,903	wavs	ERROR	enc_p.tone_emb.weight is not in the checkpoint
2026-09-06 01:34:33,903	wavs	ERROR	enc_p.language_emb.weight is not in the checkpoint
2026-09-06 01:34:33,903	wavs	ERROR	emb_g.weight is not in the checkpoint
2026-09-06 01:34:33,986	wavs	INFO	Loaded checkpoint 'C:\Users\Carl Delfino\Kayla\m\vm\tts\EN_V2\checkpoint.pth' (iteration 0)
2026-09-06 01:35:17,242	wavs	WARNING	C:\Users\Carl Delfino\Kayla\b\voice\tts\melo is not a git repository, therefore hash value comparison will be ignored.
2026-09-06 01:35:18,586	wavs	ERROR	enc_p.emb.weight is not in the checkpoint
2026-09-06 01:35:18,586	wavs	ERROR	enc_p.tone_emb.weight is not in the checkpoint
2026-09-06 01:35:18,586	wavs	ERROR	enc_p.language_emb.weight is not in the checkpoint
2026-09-06 01:35:18,587	wavs	ERROR	emb_g.weight is not in the checkpoint
2026-09-06 01:35:18,690	wavs	INFO	Loaded checkpoint 'C:\Users\Carl Delfino\Kayla\m\vm\tts\EN_V2\checkpoint.pth' (iteration 0)
2026-09-06 01:36:01,662	wavs	WARNING	C:\Users\Carl Delfino\Kayla\b\voice\tts\melo is not a git repository, therefore hash value comparison will be ignored.
2026-09-06 01:36:02,961	wavs	ERROR	enc_p.emb.weight is not in the checkpoint
2026-09-06 01:36:02,961	wavs	ERROR	enc_p.tone_emb.weight is not in the checkpoint
2026-09-06 01:36:02,962	wavs	ERROR	enc_p.language_emb.weight is not in the checkpoint
2026-09-06 01:36:02,962	wavs	ERROR	emb_g.weight is not in the checkpoint
2026-09-06 01:36:03,058	wavs	INFO	Loaded checkpoint 'C:\Users\Carl Delfino\Kayla\m\vm\tts\EN_V2\checkpoint.pth' (iteration 0)
2026-09-06 01:46:03,207	wavs	WARNING	C:\Users\Carl Delfino\Kayla\b\voice\tts\melo is not a git repository, therefore hash value comparison will be ignored.
2026-09-06 01:46:04,985	wavs	INFO	Loaded checkpoint 'C:\Users\Carl Delfino\Kayla\m\vm\tts\EN_JENNY\G_79000.pth' (iteration 191)
2026-09-06 01:46:49,496	wavs	WARNING	C:\Users\Carl Delfino\Kayla\b\voice\tts\melo is not a git repository, therefore hash value comparison will be ignored.
2026-09-06 01:46:51,508	wavs	INFO	Loaded checkpoint 'C:\Users\Carl Delfino\Kayla\m\vm\tts\EN_JENNY\G_79000.pth' (iteration 191)
2026-09-06 01:47:35,053	wavs	WARNING	C:\Users\Carl Delfino\Kayla\b\voice\tts\melo is not a git repository, therefore hash value comparison will be ignored.
2026-09-06 01:47:36,937	wavs	INFO	Loaded checkpoint 'C:\Users\Carl Delfino\Kayla\m\vm\tts\EN_JENNY\G_79000.pth' (iteration 191)
2026-09-06 01:48:20,991	wavs	WARNING	C:\Users\Carl Delfino\Kayla\b\voice\tts\melo is not a git repository, therefore hash value comparison will be ignored.
2026-09-06 01:48:23,029	wavs	INFO	Loaded checkpoint 'C:\Users\Carl Delfino\Kayla\m\vm\tts\EN_JENNY\G_79000.pth' (iteration 191)
2026-09-06 01:49:06,904	wavs	WARNING	C:\Users\Carl Delfino\Kayla\b\voice\tts\melo is not a git repository, therefore hash value comparison will be ignored.
2026-09-06 01:49:09,205	wavs	INFO	Loaded checkpoint 'C:\Users\Carl Delfino\Kayla\m\vm\tts\EN_JENNY\G_79000.pth' (iteration 191)
2026-09-06 01:49:53,729	wavs	WARNING	C:\Users\Carl Delfino\Kayla\b\voice\tts\melo is not a git repository, therefore hash value comparison will be ignored.
2026-09-06 01:49:55,658	wavs	INFO	Loaded checkpoint 'C:\Users\Carl Delfino\Kayla\m\vm\tts\EN_JENNY\G_79000.pth' (iteration 191)
2026-09-06 01:50:37,761	wavs	WARNING	C:\Users\Carl Delfino\Kayla\b\voice\tts\melo is not a git repository, therefore hash value comparison will be ignored.
2026-09-06 01:50:39,786	wavs	INFO	Loaded checkpoint 'C:\Users\Carl Delfino\Kayla\m\vm\tts\EN_JENNY\G_79000.pth' (iteration 191)
2026-09-06 01:51:22,763	wavs	WARNING	C:\Users\Carl Delfino\Kayla\b\voice\tts\melo is not a git repository, therefore hash value comparison will be ignored.
2026-09-06 01:51:24,466	wavs	INFO	Loaded checkpoint 'C:\Users\Carl Delfino\Kayla\m\vm\tts\EN_JENNY\G_79000.pth' (iteration 191)
2026-09-06 01:52:07,594	wavs	WARNING	C:\Users\Carl Delfino\Kayla\b\voice\tts\melo is not a git repository, therefore hash value comparison will be ignored.
2026-09-06 01:52:09,308	wavs	INFO	Loaded checkpoint 'C:\Users\Carl Delfino\Kayla\m\vm\tts\EN_JENNY\G_79000.pth' (iteration 191)
2026-09-06 01:52:52,214	wavs	WARNING	C:\Users\Carl Delfino\Kayla\b\voice\tts\melo is not a git repository, therefore hash value comparison will be ignored.
2026-09-06 01:52:53,894	wavs	INFO	Loaded checkpoint 'C:\Users\Carl Delfino\Kayla\m\vm\tts\EN_JENNY\G_79000.pth' (iteration 191)
2026-09-06 01:53:36,634	wavs	WARNING	C:\Users\Carl Delfino\Kayla\b\voice\tts\melo is not a git repository, therefore hash value comparison will be ignored.
2026-09-06 01:53:38,214	wavs	INFO	Loaded checkpoint 'C:\Users\Carl Delfino\Kayla\m\vm\tts\EN_JENNY\G_79000.pth' (iteration 191)
2026-09-06 01:54:21,730	wavs	WARNING	C:\Users\Carl Delfino\Kayla\b\voice\tts\melo is not a git repository, therefore hash value comparison will be ignored.
2026-09-06 01:54:23,551	wavs	INFO	Loaded checkpoint 'C:\Users\Carl Delfino\Kayla\m\vm\tts\EN_JENNY\G_79000.pth' (iteration 191)
2026-09-06 01:55:07,160	wavs	WARNING	C:\Users\Carl Delfino\Kayla\b\voice\tts\melo is not a git repository, therefore hash value comparison will be ignored.
2026-09-06 01:55:08,779	wavs	INFO	Loaded checkpoint 'C:\Users\Carl Delfino\Kayla\m\vm\tts\EN_JENNY\G_79000.pth' (iteration 191)
2026-09-06 01:55:50,641	wavs	WARNING	C:\Users\Carl Delfino\Kayla\b\voice\tts\melo is not a git repository, therefore hash value comparison will be ignored.
2026-09-06 01:55:52,243	wavs	INFO	Loaded checkpoint 'C:\Users\Carl Delfino\Kayla\m\vm\tts\EN_JENNY\G_79000.pth' (iteration 191)
2026-09-06 01:56:35,269	wavs	WARNING	C:\Users\Carl Delfino\Kayla\b\voice\tts\melo is not a git repository, therefore hash value comparison will be ignored.
2026-09-06 01:56:36,895	wavs	INFO	Loaded checkpoint 'C:\Users\Carl Delfino\Kayla\m\vm\tts\EN_JENNY\G_79000.pth' (iteration 191)
2026-09-06 01:57:19,980	wavs	WARNING	C:\Users\Carl Delfino\Kayla\b\voice\tts\melo is not a git repository, therefore hash value comparison will be ignored.
2026-09-06 01:57:21,619	wavs	INFO	Loaded checkpoint 'C:\Users\Carl Delfino\Kayla\m\vm\tts\EN_JENNY\G_79000.pth' (iteration 191)
2026-09-06 01:58:04,675	wavs	WARNING	C:\Users\Carl Delfino\Kayla\b\voice\tts\melo is not a git repository, therefore hash value comparison will be ignored.
2026-09-06 01:58:06,439	wavs	INFO	Loaded checkpoint 'C:\Users\Carl Delfino\Kayla\m\vm\tts\EN_JENNY\G_79000.pth' (iteration 191)
2026-09-06 01:58:48,483	wavs	WARNING	C:\Users\Carl Delfino\Kayla\b\voice\tts\melo is not a git repository, therefore hash value comparison will be ignored.
2026-09-06 01:58:50,184	wavs	INFO	Loaded checkpoint 'C:\Users\Carl Delfino\Kayla\m\vm\tts\EN_JENNY\G_79000.pth' (iteration 191)
2026-09-06 01:59:33,407	wavs	WARNING	C:\Users\Carl Delfino\Kayla\b\voice\tts\melo is not a git repository, therefore hash value comparison will be ignored.
2026-09-06 01:59:35,117	wavs	INFO	Loaded checkpoint 'C:\Users\Carl Delfino\Kayla\m\vm\tts\EN_JENNY\G_79000.pth' (iteration 191)
2026-09-06 02:00:18,434	wavs	WARNING	C:\Users\Carl Delfino\Kayla\b\voice\tts\melo is not a git repository, therefore hash value comparison will be ignored.
2026-09-06 02:00:20,081	wavs	INFO	Loaded checkpoint 'C:\Users\Carl Delfino\Kayla\m\vm\tts\EN_JENNY\G_79000.pth' (iteration 191)
2026-09-06 02:01:03,340	wavs	WARNING	C:\Users\Carl Delfino\Kayla\b\voice\tts\melo is not a git repository, therefore hash value comparison will be ignored.
2026-09-06 02:01:05,110	wavs	INFO	Loaded checkpoint 'C:\Users\Carl Delfino\Kayla\m\vm\tts\EN_JENNY\G_79000.pth' (iteration 191)
2026-09-06 02:01:48,594	wavs	WARNING	C:\Users\Carl Delfino\Kayla\b\voice\tts\melo is not a git repository, therefore hash value comparison will be ignored.
2026-09-06 02:01:50,308	wavs	INFO	Loaded checkpoint 'C:\Users\Carl Delfino\Kayla\m\vm\tts\EN_JENNY\G_79000.pth' (iteration 191)
2026-09-06 02:02:33,948	wavs	WARNING	C:\Users\Carl Delfino\Kayla\b\voice\tts\melo is not a git repository, therefore hash value comparison will be ignored.
2026-09-06 02:02:35,599	wavs	INFO	Loaded checkpoint 'C:\Users\Carl Delfino\Kayla\m\vm\tts\EN_JENNY\G_79000.pth' (iteration 191)
2026-09-06 02:03:18,575	wavs	WARNING	C:\Users\Carl Delfino\Kayla\b\voice\tts\melo is not a git repository, therefore hash value comparison will be ignored.
2026-09-06 02:03:20,380	wavs	INFO	Loaded checkpoint 'C:\Users\Carl Delfino\Kayla\m\vm\tts\EN_JENNY\G_79000.pth' (iteration 191)
2026-09-06 02:04:02,500	wavs	WARNING	C:\Users\Carl Delfino\Kayla\b\voice\tts\melo is not a git repository, therefore hash value comparison will be ignored.
2026-09-06 02:04:04,186	wavs	INFO	Loaded checkpoint 'C:\Users\Carl Delfino\Kayla\m\vm\tts\EN_JENNY\G_79000.pth' (iteration 191)
2026-09-06 02:04:47,157	wavs	WARNING	C:\Users\Carl Delfino\Kayla\b\voice\tts\melo is not a git repository, therefore hash value comparison will be ignored.
2026-09-06 02:04:48,854	wavs	INFO	Loaded checkpoint 'C:\Users\Carl Delfino\Kayla\m\vm\tts\EN_JENNY\G_79000.pth' (iteration 191)
2026-09-06 02:05:31,801	wavs	WARNING	C:\Users\Carl Delfino\Kayla\b\voice\tts\melo is not a git repository, therefore hash value comparison will be ignored.
2026-09-06 02:05:33,575	wavs	INFO	Loaded checkpoint 'C:\Users\Carl Delfino\Kayla\m\vm\tts\EN_JENNY\G_79000.pth' (iteration 191)
2026-09-06 02:06:17,086	wavs	WARNING	C:\Users\Carl Delfino\Kayla\b\voice\tts\melo is not a git repository, therefore hash value comparison will be ignored.
2026-09-06 02:06:18,888	wavs	INFO	Loaded checkpoint 'C:\Users\Carl Delfino\Kayla\m\vm\tts\EN_JENNY\G_79000.pth' (iteration 191)
2026-09-06 02:07:01,268	wavs	WARNING	C:\Users\Carl Delfino\Kayla\b\voice\tts\melo is not a git repository, therefore hash value comparison will be ignored.
2026-09-06 02:07:02,989	wavs	INFO	Loaded checkpoint 'C:\Users\Carl Delfino\Kayla\m\vm\tts\EN_JENNY\G_79000.pth' (iteration 191)
2026-09-06 02:07:46,248	wavs	WARNING	C:\Users\Carl Delfino\Kayla\b\voice\tts\melo is not a git repository, therefore hash value comparison will be ignored.
2026-09-06 02:07:47,897	wavs	INFO	Loaded checkpoint 'C:\Users\Carl Delfino\Kayla\m\vm\tts\EN_JENNY\G_79000.pth' (iteration 191)
2026-09-06 02:08:30,964	wavs	WARNING	C:\Users\Carl Delfino\Kayla\b\voice\tts\melo is not a git repository, therefore hash value comparison will be ignored.
2026-09-06 02:08:32,589	wavs	INFO	Loaded checkpoint 'C:\Users\Carl Delfino\Kayla\m\vm\tts\EN_JENNY\G_79000.pth' (iteration 191)
2026-09-06 02:09:15,632	wavs	WARNING	C:\Users\Carl Delfino\Kayla\b\voice\tts\melo is not a git repository, therefore hash value comparison will be ignored.
2026-09-06 02:09:17,226	wavs	INFO	Loaded checkpoint 'C:\Users\Carl Delfino\Kayla\m\vm\tts\EN_JENNY\G_79000.pth' (iteration 191)
2026-09-06 02:09:59,490	wavs	WARNING	C:\Users\Carl Delfino\Kayla\b\voice\tts\melo is not a git repository, therefore hash value comparison will be ignored.
2026-09-06 02:10:01,146	wavs	INFO	Loaded checkpoint 'C:\Users\Carl Delfino\Kayla\m\vm\tts\EN_JENNY\G_79000.pth' (iteration 191)
2026-09-06 02:10:44,191	wavs	WARNING	C:\Users\Carl Delfino\Kayla\b\voice\tts\melo is not a git repository, therefore hash value comparison will be ignored.
2026-09-06 02:10:45,950	wavs	INFO	Loaded checkpoint 'C:\Users\Carl Delfino\Kayla\m\vm\tts\EN_JENNY\G_79000.pth' (iteration 191)
2026-09-06 02:11:28,945	wavs	WARNING	C:\Users\Carl Delfino\Kayla\b\voice\tts\melo is not a git repository, therefore hash value comparison will be ignored.
2026-09-06 02:11:30,636	wavs	INFO	Loaded checkpoint 'C:\Users\Carl Delfino\Kayla\m\vm\tts\EN_JENNY\G_79000.pth' (iteration 191)
2026-09-06 02:12:12,634	wavs	WARNING	C:\Users\Carl Delfino\Kayla\b\voice\tts\melo is not a git repository, therefore hash value comparison will be ignored.
2026-09-06 02:12:14,396	wavs	INFO	Loaded checkpoint 'C:\Users\Carl Delfino\Kayla\m\vm\tts\EN_JENNY\G_79000.pth' (iteration 191)
2026-09-06 02:12:57,246	wavs	WARNING	C:\Users\Carl Delfino\Kayla\b\voice\tts\melo is not a git repository, therefore hash value comparison will be ignored.
2026-09-06 02:12:58,874	wavs	INFO	Loaded checkpoint 'C:\Users\Carl Delfino\Kayla\m\vm\tts\EN_JENNY\G_79000.pth' (iteration 191)
2026-09-06 02:13:42,468	wavs	WARNING	C:\Users\Carl Delfino\Kayla\b\voice\tts\melo is not a git repository, therefore hash value comparison will be ignored.
2026-09-06 02:13:44,120	wavs	INFO	Loaded checkpoint 'C:\Users\Carl Delfino\Kayla\m\vm\tts\EN_JENNY\G_79000.pth' (iteration 191)
2026-09-06 02:14:27,270	wavs	WARNING	C:\Users\Carl Delfino\Kayla\b\voice\tts\melo is not a git repository, therefore hash value comparison will be ignored.
2026-09-06 02:14:28,940	wavs	INFO	Loaded checkpoint 'C:\Users\Carl Delfino\Kayla\m\vm\tts\EN_JENNY\G_79000.pth' (iteration 191)
2026-09-06 02:15:10,939	wavs	WARNING	C:\Users\Carl Delfino\Kayla\b\voice\tts\melo is not a git repository, therefore hash value comparison will be ignored.
2026-09-06 02:15:12,574	wavs	INFO	Loaded checkpoint 'C:\Users\Carl Delfino\Kayla\m\vm\tts\EN_JENNY\G_79000.pth' (iteration 191)
2026-09-06 02:15:55,734	wavs	WARNING	C:\Users\Carl Delfino\Kayla\b\voice\tts\melo is not a git repository, therefore hash value comparison will be ignored.
2026-09-06 02:15:57,334	wavs	INFO	Loaded checkpoint 'C:\Users\Carl Delfino\Kayla\m\vm\tts\EN_JENNY\G_79000.pth' (iteration 191)
2026-09-06 02:16:40,129	wavs	WARNING	C:\Users\Carl Delfino\Kayla\b\voice\tts\melo is not a git repository, therefore hash value comparison will be ignored.
2026-09-06 02:16:41,822	wavs	INFO	Loaded checkpoint 'C:\Users\Carl Delfino\Kayla\m\vm\tts\EN_JENNY\G_79000.pth' (iteration 191)
2026-09-06 02:17:24,756	wavs	WARNING	C:\Users\Carl Delfino\Kayla\b\voice\tts\melo is not a git repository, therefore hash value comparison will be ignored.
2026-09-06 02:17:26,408	wavs	INFO	Loaded checkpoint 'C:\Users\Carl Delfino\Kayla\m\vm\tts\EN_JENNY\G_79000.pth' (iteration 191)
2026-09-06 02:24:35,887	wavs	WARNING	C:\Users\Carl Delfino\Kayla\b\voice\tts\melo is not a git repository, therefore hash value comparison will be ignored.
2026-09-06 02:25:12,118	wavs	WARNING	C:\Users\Carl Delfino\Kayla\b\voice\tts\melo is not a git repository, therefore hash value comparison will be ignored.
2026-09-06 02:25:13,570	wavs	INFO	Loaded checkpoint 'C:\Users\Carl Delfino\Kayla\m\vm\tts\EN_CISSIA\G_79000.pth' (iteration 191)
2026-09-06 02:25:14,150	wavs	INFO	Loaded checkpoint 'C:\Users\Carl Delfino\Kayla\m\vm\tts\EN_CISSIA\D_79000.pth' (iteration 191)
2026-09-06 02:26:50,377	wavs	WARNING	C:\Users\Carl Delfino\Kayla\b\voice\tts\melo is not a git repository, therefore hash value comparison will be ignored.
2026-09-06 02:26:51,741	wavs	INFO	Loaded checkpoint 'C:\Users\Carl Delfino\Kayla\m\vm\tts\EN_CISSIA\G_79000.pth' (iteration 191)
2026-09-06 02:26:51,954	wavs	INFO	Loaded checkpoint 'C:\Users\Carl Delfino\Kayla\m\vm\tts\EN_CISSIA\D_79000.pth' (iteration 191)
2026-09-06 02:26:51,976	wavs	INFO	Loaded checkpoint 'C:\Users\Carl Delfino\Kayla\m\vm\tts\EN_CISSIA\DUR_79000.pth' (iteration 191)
2026-09-06 02:28:25,388	wavs	WARNING	C:\Users\Carl Delfino\Kayla\b\voice\tts\melo is not a git repository, therefore hash value comparison will be ignored.
2026-09-06 02:28:27,185	wavs	INFO	Loaded checkpoint 'C:\Users\Carl Delfino\Kayla\m\vm\tts\EN_CISSIA\G_79000.pth' (iteration 191)
2026-09-06 02:28:27,718	wavs	INFO	Loaded checkpoint 'C:\Users\Carl Delfino\Kayla\m\vm\tts\EN_CISSIA\D_79000.pth' (iteration 191)
2026-09-06 02:28:27,736	wavs	INFO	Loaded checkpoint 'C:\Users\Carl Delfino\Kayla\m\vm\tts\EN_CISSIA\DUR_79000.pth' (iteration 191)
2026-09-06 02:29:41,154	wavs	WARNING	C:\Users\Carl Delfino\Kayla\b\voice\tts\melo is not a git repository, therefore hash value comparison will be ignored.
2026-09-06 02:29:42,670	wavs	INFO	Loaded checkpoint 'C:\Users\Carl Delfino\Kayla\m\vm\tts\EN_CISSIA\G_79000.pth' (iteration 191)
2026-09-06 02:29:43,172	wavs	INFO	Loaded checkpoint 'C:\Users\Carl Delfino\Kayla\m\vm\tts\EN_CISSIA\D_79000.pth' (iteration 191)
2026-09-06 02:29:43,214	wavs	INFO	Loaded checkpoint 'C:\Users\Carl Delfino\Kayla\m\vm\tts\EN_CISSIA\DUR_79000.pth' (iteration 191)
2026-09-06 02:33:42,108	wavs	WARNING	C:\Users\Carl Delfino\Kayla\b\voice\tts\melo is not a git repository, therefore hash value comparison will be ignored.
2026-09-06 02:33:43,656	wavs	INFO	Loaded checkpoint 'C:\Users\Carl Delfino\Kayla\m\vm\tts\EN_CISSIA\G_79000.pth' (iteration 191)
2026-09-06 02:33:44,006	wavs	INFO	Loaded checkpoint 'C:\Users\Carl Delfino\Kayla\m\vm\tts\EN_CISSIA\D_79000.pth' (iteration 191)
2026-09-06 02:33:44,035	wavs	INFO	Loaded checkpoint 'C:\Users\Carl Delfino\Kayla\m\vm\tts\EN_CISSIA\DUR_79000.pth' (iteration 191)
2026-09-06 02:34:30,484	wavs	WARNING	C:\Users\Carl Delfino\Kayla\b\voice\tts\melo is not a git repository, therefore hash value comparison will be ignored.
2026-09-06 02:34:31,751	wavs	INFO	Loaded checkpoint 'C:\Users\Carl Delfino\Kayla\m\vm\tts\EN_CISSIA\G_79000.pth' (iteration 191)
2026-09-06 02:34:31,932	wavs	INFO	Loaded checkpoint 'C:\Users\Carl Delfino\Kayla\m\vm\tts\EN_CISSIA\D_79000.pth' (iteration 191)
2026-09-06 02:34:31,952	wavs	INFO	Loaded checkpoint 'C:\Users\Carl Delfino\Kayla\m\vm\tts\EN_CISSIA\DUR_79000.pth' (iteration 191)
2026-09-06 02:35:17,767	wavs	WARNING	C:\Users\Carl Delfino\Kayla\b\voice\tts\melo is not a git repository, therefore hash value comparison will be ignored.
2026-09-06 02:35:19,049	wavs	INFO	Loaded checkpoint 'C:\Users\Carl Delfino\Kayla\m\vm\tts\EN_CISSIA\G_79000.pth' (iteration 191)
2026-09-06 02:35:19,232	wavs	INFO	Loaded checkpoint 'C:\Users\Carl Delfino\Kayla\m\vm\tts\EN_CISSIA\D_79000.pth' (iteration 191)
2026-09-06 02:35:19,247	wavs	INFO	Loaded checkpoint 'C:\Users\Carl Delfino\Kayla\m\vm\tts\EN_CISSIA\DUR_79000.pth' (iteration 191)
2026-09-06 02:41:47,696	wavs	WARNING	C:\Users\Carl Delfino\Kayla\b\voice\tts\melo is not a git repository, therefore hash value comparison will be ignored.
2026-09-06 02:41:48,960	wavs	INFO	Loaded checkpoint 'C:\Users\Carl Delfino\Kayla\m\vm\tts\EN_CISSIA\G_79000.pth' (iteration 191)
2026-09-06 02:41:49,145	wavs	INFO	Loaded checkpoint 'C:\Users\Carl Delfino\Kayla\m\vm\tts\EN_CISSIA\D_79000.pth' (iteration 191)
2026-09-06 02:41:49,167	wavs	INFO	Loaded checkpoint 'C:\Users\Carl Delfino\Kayla\m\vm\tts\EN_CISSIA\DUR_79000.pth' (iteration 191)
2026-09-06 02:42:30,217	wavs	WARNING	C:\Users\Carl Delfino\Kayla\b\voice\tts\melo is not a git repository, therefore hash value comparison will be ignored.
2026-09-06 02:42:31,524	wavs	INFO	Loaded checkpoint 'C:\Users\Carl Delfino\Kayla\m\vm\tts\EN_CISSIA\G_79000.pth' (iteration 191)
2026-09-06 02:42:31,714	wavs	INFO	Loaded checkpoint 'C:\Users\Carl Delfino\Kayla\m\vm\tts\EN_CISSIA\D_79000.pth' (iteration 191)
2026-09-06 02:42:31,730	wavs	INFO	Loaded checkpoint 'C:\Users\Carl Delfino\Kayla\m\vm\tts\EN_CISSIA\DUR_79000.pth' (iteration 191)
2026-09-06 02:43:15,349	wavs	WARNING	C:\Users\Carl Delfino\Kayla\b\voice\tts\melo is not a git repository, therefore hash value comparison will be ignored.
2026-09-06 02:43:17,053	wavs	INFO	Loaded checkpoint 'C:\Users\Carl Delfino\Kayla\m\vm\tts\EN_CISSIA\G_79000.pth' (iteration 191)
2026-09-06 02:43:17,271	wavs	INFO	Loaded checkpoint 'C:\Users\Carl Delfino\Kayla\m\vm\tts\EN_CISSIA\D_79000.pth' (iteration 191)
2026-09-06 02:43:17,307	wavs	INFO	Loaded checkpoint 'C:\Users\Carl Delfino\Kayla\m\vm\tts\EN_CISSIA\DUR_79000.pth' (iteration 191)
2026-09-06 02:44:01,391	wavs	WARNING	C:\Users\Carl Delfino\Kayla\b\voice\tts\melo is not a git repository, therefore hash value comparison will be ignored.
2026-09-06 02:44:03,096	wavs	INFO	Loaded checkpoint 'C:\Users\Carl Delfino\Kayla\m\vm\tts\EN_CISSIA\G_79000.pth' (iteration 191)
2026-09-06 02:44:03,309	wavs	INFO	Loaded checkpoint 'C:\Users\Carl Delfino\Kayla\m\vm\tts\EN_CISSIA\D_79000.pth' (iteration 191)
2026-09-06 02:44:03,339	wavs	INFO	Loaded checkpoint 'C:\Users\Carl Delfino\Kayla\m\vm\tts\EN_CISSIA\DUR_79000.pth' (iteration 191)
2026-09-06 02:44:47,548	wavs	WARNING	C:\Users\Carl Delfino\Kayla\b\voice\tts\melo is not a git repository, therefore hash value comparison will be ignored.
2026-09-06 02:44:49,245	wavs	INFO	Loaded checkpoint 'C:\Users\Carl Delfino\Kayla\m\vm\tts\EN_CISSIA\G_79000.pth' (iteration 191)
2026-09-06 02:44:49,488	wavs	INFO	Loaded checkpoint 'C:\Users\Carl Delfino\Kayla\m\vm\tts\EN_CISSIA\D_79000.pth' (iteration 191)
2026-09-06 02:44:49,523	wavs	INFO	Loaded checkpoint 'C:\Users\Carl Delfino\Kayla\m\vm\tts\EN_CISSIA\DUR_79000.pth' (iteration 191)
2026-09-06 02:45:32,611	wavs	WARNING	C:\Users\Carl Delfino\Kayla\b\voice\tts\melo is not a git repository, therefore hash value comparison will be ignored.
2026-09-06 02:45:34,281	wavs	INFO	Loaded checkpoint 'C:\Users\Carl Delfino\Kayla\m\vm\tts\EN_CISSIA\G_79000.pth' (iteration 191)
2026-09-06 02:45:34,486	wavs	INFO	Loaded checkpoint 'C:\Users\Carl Delfino\Kayla\m\vm\tts\EN_CISSIA\D_79000.pth' (iteration 191)
2026-09-06 02:45:34,505	wavs	INFO	Loaded checkpoint 'C:\Users\Carl Delfino\Kayla\m\vm\tts\EN_CISSIA\DUR_79000.pth' (iteration 191)
2026-09-06 02:46:18,148	wavs	WARNING	C:\Users\Carl Delfino\Kayla\b\voice\tts\melo is not a git repository, therefore hash value comparison will be ignored.
2026-09-06 02:46:19,782	wavs	INFO	Loaded checkpoint 'C:\Users\Carl Delfino\Kayla\m\vm\tts\EN_CISSIA\G_79000.pth' (iteration 191)
2026-09-06 02:46:20,008	wavs	INFO	Loaded checkpoint 'C:\Users\Carl Delfino\Kayla\m\vm\tts\EN_CISSIA\D_79000.pth' (iteration 191)
2026-09-06 02:46:20,037	wavs	INFO	Loaded checkpoint 'C:\Users\Carl Delfino\Kayla\m\vm\tts\EN_CISSIA\DUR_79000.pth' (iteration 191)
2026-09-06 02:47:02,469	wavs	WARNING	C:\Users\Carl Delfino\Kayla\b\voice\tts\melo is not a git repository, therefore hash value comparison will be ignored.
2026-09-06 02:47:03,771	wavs	INFO	Loaded checkpoint 'C:\Users\Carl Delfino\Kayla\m\vm\tts\EN_CISSIA\G_79000.pth' (iteration 191)
2026-09-06 02:47:03,969	wavs	INFO	Loaded checkpoint 'C:\Users\Carl Delfino\Kayla\m\vm\tts\EN_CISSIA\D_79000.pth' (iteration 191)
2026-09-06 02:47:03,990	wavs	INFO	Loaded checkpoint 'C:\Users\Carl Delfino\Kayla\m\vm\tts\EN_CISSIA\DUR_79000.pth' (iteration 191)
